// Jest Snapshot v1, https://goo.gl/fbAQLP

exports[`Cart Component renders without crashing 1`] = `
<div
  className="d-flex justify-content-between pt-2 pb-2"
>
  <div
    className="d-flex"
  >
    <img
      alt=""
      className="fluid-img-large"
      src=""
    />
    <div
      className="d-flex flex-column text-left pl-2"
    >
      <span
        className="font-small color-orange"
      >
        Size: 
        Small
      </span>
      <span
        className="font-small color-orange"
      >
        Dough: 
        Thin
      </span>
      <span
        className="text-primary font-italic font-weight-light font-small"
      >
        pepperoni
      </span>
    </div>
  </div>
  <div
    className="d-flex flex-column text-right justify-content-between"
  >
    <i
      aria-hidden="true"
      className="fa fa-times-circle cursor-pointer text-danger mt-2"
      onClick={[Function]}
    />
    <span
      className="font-small"
    >
      â‚¬
      239.00
    </span>
  </div>
</div>
`;
